// Jest Snapshot v1, https://goo.gl/fbAQLP

exports[`Navbar styles renders MenuWrapper correctly 1`] = `
.c0 {
  display: -webkit-box;
  display: -webkit-flex;
  display: -ms-flexbox;
  display: flex;
  -webkit-box-pack: center;
  -webkit-justify-content: center;
  -ms-flex-pack: center;
  justify-content: center;
  -webkit-align-content: center;
  -ms-flex-line-pack: center;
  align-content: center;
  -webkit-align-items: center;
  -webkit-box-align: center;
  -ms-flex-align: center;
  align-items: center;
  width: 100%;
  max-width: 868px;
}

@media (max-width:768px) {
  .c0 {
    -webkit-box-pack: justify;
    -webkit-justify-content: space-between;
    -ms-flex-pack: justify;
    justify-content: space-between;
  }
}

<nav
  class="c0"
/>
`;

exports[`Navbar styles renders NavContainer correctly 1`] = `
.c0 {
  display: -webkit-box;
  display: -webkit-flex;
  display: -ms-flexbox;
  display: flex;
  -webkit-box-pack: space-around;
  -webkit-justify-content: space-around;
  -ms-flex-pack: space-around;
  justify-content: space-around;
  position: relative;
  padding: 8px 8px;
  margin: 0;
  top: 0;
  left: 0;
  right: 0;
  font-size: 1em;
  font-weight: 600;
  color: #232946;
}

.dark-mode .c0 {
  color: #fffffe;
}

<header
  class="c0"
/>
`;
